<?xml version="1.0" encoding="UTF-8"?>
<testng-results ignored="1" total="5" passed="4" failed="0" skipped="0">
  <reporter-output>
  </reporter-output>
  <suite started-at="2024-04-19T00:31:38 IST" name="Gradle suite" finished-at="2024-04-19T00:31:53 IST" duration-ms="15429">
    <groups>
      <group name="API Tests">
        <method signature="testCase_API_01.TestCase01()[pri:0, instance:qtriptest.APITests.testCase_API_01@51c668e3]" name="TestCase01" class="qtriptest.APITests.testCase_API_01"/>
        <method signature="testCase_API_02.TestCase02()[pri:0, instance:qtriptest.APITests.testCase_API_02@537f60bf]" name="TestCase02" class="qtriptest.APITests.testCase_API_02"/>
        <method signature="testCase_API_03.TestCase03()[pri:0, instance:qtriptest.APITests.testCase_API_03@5677323c]" name="TestCase03" class="qtriptest.APITests.testCase_API_03"/>
        <method signature="testCase_API_04.TestCase04()[pri:0, instance:qtriptest.APITests.testCase_API_04@18df8434]" name="TestCase04" class="qtriptest.APITests.testCase_API_04"/>
      </group> <!-- API Tests -->
    </groups>
    <test started-at="2024-04-19T00:31:38 IST" name="Gradle test" finished-at="2024-04-19T00:31:53 IST" duration-ms="15429">
      <class name="qtriptest.APITests.testCase_API_01">
        <test-method signature="TestCase01()[pri:0, instance:qtriptest.APITests.testCase_API_01@51c668e3]" started-at="2024-04-19T00:31:38 IST" name="TestCase01" finished-at="2024-04-19T00:31:46 IST" duration-ms="7568" status="PASS">
          <reporter-output>
          </reporter-output>
        </test-method> <!-- TestCase01 -->
      </class> <!-- qtriptest.APITests.testCase_API_01 -->
      <class name="qtriptest.APITests.testCase_API_02">
        <test-method signature="TestCase02()[pri:0, instance:qtriptest.APITests.testCase_API_02@537f60bf]" started-at="2024-04-19T00:31:46 IST" name="TestCase02" finished-at="2024-04-19T00:31:48 IST" duration-ms="2008" status="PASS">
          <reporter-output>
          </reporter-output>
        </test-method> <!-- TestCase02 -->
      </class> <!-- qtriptest.APITests.testCase_API_02 -->
      <class name="qtriptest.APITests.testCase_API_03">
        <test-method signature="TestCase03()[pri:0, instance:qtriptest.APITests.testCase_API_03@5677323c]" started-at="2024-04-19T00:31:48 IST" name="TestCase03" finished-at="2024-04-19T00:31:52 IST" duration-ms="4541" status="PASS">
          <reporter-output>
          </reporter-output>
        </test-method> <!-- TestCase03 -->
      </class> <!-- qtriptest.APITests.testCase_API_03 -->
      <class name="qtriptest.APITests.testCase_API_04">
        <test-method signature="TestCase04()[pri:0, instance:qtriptest.APITests.testCase_API_04@18df8434]" started-at="2024-04-19T00:31:52 IST" name="TestCase04" finished-at="2024-04-19T00:31:53 IST" duration-ms="1073" status="PASS">
          <reporter-output>
          </reporter-output>
        </test-method> <!-- TestCase04 -->
      </class> <!-- qtriptest.APITests.testCase_API_04 -->
    </test> <!-- Gradle test -->
  </suite> <!-- Gradle suite -->
</testng-results>
